
[TestBockLoopSelect - 1]
[]struct { ActorID uint "json:\"actor_id\" db:\"actor.actor_id\" sql:\"primary_key\""; FirstName string "json:\"first_name\" db:\"actor.first_name\""; LastName string "json:\"last_name\" db:\"actor.last_name\""; LastUpdate time.Time "json:\"last_update\" db:\"actor.last_update\""; Film []carta_mysql.Film "db:\"film\"" }{
    {
        ActorID:    0x1,
        FirstName:  "PENELOPE",
        LastName:   "GUINESS",
        LastUpdate: time.Date(1, time.January, 1, 0, 0, 0, 0, time.UTC),
        Film:       nil,
    },
    {
        ActorID:    0x1,
        FirstName:  "PENELOPE",
        LastName:   "GUINESS",
        LastUpdate: time.Date(1, time.January, 1, 0, 0, 0, 0, time.UTC),
        Film:       nil,
    },
    {
        ActorID:    0x1,
        FirstName:  "PENELOPE",
        LastName:   "GUINESS",
        LastUpdate: time.Date(1, time.January, 1, 0, 0, 0, 0, time.UTC),
        Film:       nil,
    },
    {
        ActorID:    0x1,
        FirstName:  "PENELOPE",
        LastName:   "GUINESS",
        LastUpdate: time.Date(1, time.January, 1, 0, 0, 0, 0, time.UTC),
        Film:       nil,
    },
    {
        ActorID:    0x1,
        FirstName:  "PENELOPE",
        LastName:   "GUINESS",
        LastUpdate: time.Date(1, time.January, 1, 0, 0, 0, 0, time.UTC),
        Film:       nil,
    },
    {
        ActorID:    0x1,
        FirstName:  "PENELOPE",
        LastName:   "GUINESS",
        LastUpdate: time.Date(1, time.January, 1, 0, 0, 0, 0, time.UTC),
        Film:       nil,
    },
    {
        ActorID:    0x1,
        FirstName:  "PENELOPE",
        LastName:   "GUINESS",
        LastUpdate: time.Date(1, time.January, 1, 0, 0, 0, 0, time.UTC),
        Film:       nil,
    },
    {
        ActorID:    0x1,
        FirstName:  "PENELOPE",
        LastName:   "GUINESS",
        LastUpdate: time.Date(1, time.January, 1, 0, 0, 0, 0, time.UTC),
        Film:       nil,
    },
    {
        ActorID:    0x1,
        FirstName:  "PENELOPE",
        LastName:   "GUINESS",
        LastUpdate: time.Date(1, time.January, 1, 0, 0, 0, 0, time.UTC),
        Film:       nil,
    },
    {
        ActorID:    0x1,
        FirstName:  "PENELOPE",
        LastName:   "GUINESS",
        LastUpdate: time.Date(1, time.January, 1, 0, 0, 0, 0, time.UTC),
        Film:       nil,
    },
    {
        ActorID:    0x1,
        FirstName:  "PENELOPE",
        LastName:   "GUINESS",
        LastUpdate: time.Date(1, time.January, 1, 0, 0, 0, 0, time.UTC),
        Film:       nil,
    },
    {
        ActorID:    0x1,
        FirstName:  "PENELOPE",
        LastName:   "GUINESS",
        LastUpdate: time.Date(1, time.January, 1, 0, 0, 0, 0, time.UTC),
        Film:       nil,
    },
    {
        ActorID:    0x1,
        FirstName:  "PENELOPE",
        LastName:   "GUINESS",
        LastUpdate: time.Date(1, time.January, 1, 0, 0, 0, 0, time.UTC),
        Film:       nil,
    },
    {
        ActorID:    0x1,
        FirstName:  "PENELOPE",
        LastName:   "GUINESS",
        LastUpdate: time.Date(1, time.January, 1, 0, 0, 0, 0, time.UTC),
        Film:       nil,
    },
    {
        ActorID:    0x1,
        FirstName:  "PENELOPE",
        LastName:   "GUINESS",
        LastUpdate: time.Date(1, time.January, 1, 0, 0, 0, 0, time.UTC),
        Film:       nil,
    },
    {
        ActorID:    0x1,
        FirstName:  "PENELOPE",
        LastName:   "GUINESS",
        LastUpdate: time.Date(1, time.January, 1, 0, 0, 0, 0, time.UTC),
        Film:       nil,
    },
    {
        ActorID:    0x1,
        FirstName:  "PENELOPE",
        LastName:   "GUINESS",
        LastUpdate: time.Date(1, time.January, 1, 0, 0, 0, 0, time.UTC),
        Film:       nil,
    },
    {
        ActorID:    0x1,
        FirstName:  "PENELOPE",
        LastName:   "GUINESS",
        LastUpdate: time.Date(1, time.January, 1, 0, 0, 0, 0, time.UTC),
        Film:       nil,
    },
    {
        ActorID:    0x1,
        FirstName:  "PENELOPE",
        LastName:   "GUINESS",
        LastUpdate: time.Date(1, time.January, 1, 0, 0, 0, 0, time.UTC),
        Film:       nil,
    },
    {
        ActorID:    0x2,
        FirstName:  "NICK",
        LastName:   "WAHLBERG",
        LastUpdate: time.Date(1, time.January, 1, 0, 0, 0, 0, time.UTC),
        Film:       nil,
    },
    {
        ActorID:    0x2,
        FirstName:  "NICK",
        LastName:   "WAHLBERG",
        LastUpdate: time.Date(1, time.January, 1, 0, 0, 0, 0, time.UTC),
        Film:       nil,
    },
    {
        ActorID:    0x2,
        FirstName:  "NICK",
        LastName:   "WAHLBERG",
        LastUpdate: time.Date(1, time.January, 1, 0, 0, 0, 0, time.UTC),
        Film:       nil,
    },
    {
        ActorID:    0x2,
        FirstName:  "NICK",
        LastName:   "WAHLBERG",
        LastUpdate: time.Date(1, time.January, 1, 0, 0, 0, 0, time.UTC),
        Film:       nil,
    },
    {
        ActorID:    0x2,
        FirstName:  "NICK",
        LastName:   "WAHLBERG",
        LastUpdate: time.Date(1, time.January, 1, 0, 0, 0, 0, time.UTC),
        Film:       nil,
    },
    {
        ActorID:    0x2,
        FirstName:  "NICK",
        LastName:   "WAHLBERG",
        LastUpdate: time.Date(1, time.January, 1, 0, 0, 0, 0, time.UTC),
        Film:       nil,
    },
    {
        ActorID:    0x2,
        FirstName:  "NICK",
        LastName:   "WAHLBERG",
        LastUpdate: time.Date(1, time.January, 1, 0, 0, 0, 0, time.UTC),
        Film:       nil,
    },
    {
        ActorID:    0x2,
        FirstName:  "NICK",
        LastName:   "WAHLBERG",
        LastUpdate: time.Date(1, time.January, 1, 0, 0, 0, 0, time.UTC),
        Film:       nil,
    },
    {
        ActorID:    0x2,
        FirstName:  "NICK",
        LastName:   "WAHLBERG",
        LastUpdate: time.Date(1, time.January, 1, 0, 0, 0, 0, time.UTC),
        Film:       nil,
    },
    {
        ActorID:    0x2,
        FirstName:  "NICK",
        LastName:   "WAHLBERG",
        LastUpdate: time.Date(1, time.January, 1, 0, 0, 0, 0, time.UTC),
        Film:       nil,
    },
    {
        ActorID:    0x2,
        FirstName:  "NICK",
        LastName:   "WAHLBERG",
        LastUpdate: time.Date(1, time.January, 1, 0, 0, 0, 0, time.UTC),
        Film:       nil,
    },
    {
        ActorID:    0x2,
        FirstName:  "NICK",
        LastName:   "WAHLBERG",
        LastUpdate: time.Date(1, time.January, 1, 0, 0, 0, 0, time.UTC),
        Film:       nil,
    },
    {
        ActorID:    0x2,
        FirstName:  "NICK",
        LastName:   "WAHLBERG",
        LastUpdate: time.Date(1, time.January, 1, 0, 0, 0, 0, time.UTC),
        Film:       nil,
    },
    {
        ActorID:    0x2,
        FirstName:  "NICK",
        LastName:   "WAHLBERG",
        LastUpdate: time.Date(1, time.January, 1, 0, 0, 0, 0, time.UTC),
        Film:       nil,
    },
    {
        ActorID:    0x2,
        FirstName:  "NICK",
        LastName:   "WAHLBERG",
        LastUpdate: time.Date(1, time.January, 1, 0, 0, 0, 0, time.UTC),
        Film:       nil,
    },
    {
        ActorID:    0x2,
        FirstName:  "NICK",
        LastName:   "WAHLBERG",
        LastUpdate: time.Date(1, time.January, 1, 0, 0, 0, 0, time.UTC),
        Film:       nil,
    },
    {
        ActorID:    0x2,
        FirstName:  "NICK",
        LastName:   "WAHLBERG",
        LastUpdate: time.Date(1, time.January, 1, 0, 0, 0, 0, time.UTC),
        Film:       nil,
    },
    {
        ActorID:    0x2,
        FirstName:  "NICK",
        LastName:   "WAHLBERG",
        LastUpdate: time.Date(1, time.January, 1, 0, 0, 0, 0, time.UTC),
        Film:       nil,
    },
    {
        ActorID:    0x2,
        FirstName:  "NICK",
        LastName:   "WAHLBERG",
        LastUpdate: time.Date(1, time.January, 1, 0, 0, 0, 0, time.UTC),
        Film:       nil,
    },
    {
        ActorID:    0x2,
        FirstName:  "NICK",
        LastName:   "WAHLBERG",
        LastUpdate: time.Date(1, time.January, 1, 0, 0, 0, 0, time.UTC),
        Film:       nil,
    },
    {
        ActorID:    0x2,
        FirstName:  "NICK",
        LastName:   "WAHLBERG",
        LastUpdate: time.Date(1, time.January, 1, 0, 0, 0, 0, time.UTC),
        Film:       nil,
    },
    {
        ActorID:    0x2,
        FirstName:  "NICK",
        LastName:   "WAHLBERG",
        LastUpdate: time.Date(1, time.January, 1, 0, 0, 0, 0, time.UTC),
        Film:       nil,
    },
    {
        ActorID:    0x2,
        FirstName:  "NICK",
        LastName:   "WAHLBERG",
        LastUpdate: time.Date(1, time.January, 1, 0, 0, 0, 0, time.UTC),
        Film:       nil,
    },
    {
        ActorID:    0x2,
        FirstName:  "NICK",
        LastName:   "WAHLBERG",
        LastUpdate: time.Date(1, time.January, 1, 0, 0, 0, 0, time.UTC),
        Film:       nil,
    },
    {
        ActorID:    0x2,
        FirstName:  "NICK",
        LastName:   "WAHLBERG",
        LastUpdate: time.Date(1, time.January, 1, 0, 0, 0, 0, time.UTC),
        Film:       nil,
    },
    {
        ActorID:    0x3,
        FirstName:  "ED",
        LastName:   "CHASE",
        LastUpdate: time.Date(1, time.January, 1, 0, 0, 0, 0, time.UTC),
        Film:       nil,
    },
    {
        ActorID:    0x3,
        FirstName:  "ED",
        LastName:   "CHASE",
        LastUpdate: time.Date(1, time.January, 1, 0, 0, 0, 0, time.UTC),
        Film:       nil,
    },
    {
        ActorID:    0x3,
        FirstName:  "ED",
        LastName:   "CHASE",
        LastUpdate: time.Date(1, time.January, 1, 0, 0, 0, 0, time.UTC),
        Film:       nil,
    },
    {
        ActorID:    0x3,
        FirstName:  "ED",
        LastName:   "CHASE",
        LastUpdate: time.Date(1, time.January, 1, 0, 0, 0, 0, time.UTC),
        Film:       nil,
    },
    {
        ActorID:    0x3,
        FirstName:  "ED",
        LastName:   "CHASE",
        LastUpdate: time.Date(1, time.January, 1, 0, 0, 0, 0, time.UTC),
        Film:       nil,
    },
    {
        ActorID:    0x3,
        FirstName:  "ED",
        LastName:   "CHASE",
        LastUpdate: time.Date(1, time.January, 1, 0, 0, 0, 0, time.UTC),
        Film:       nil,
    },
    {
        ActorID:    0x3,
        FirstName:  "ED",
        LastName:   "CHASE",
        LastUpdate: time.Date(1, time.January, 1, 0, 0, 0, 0, time.UTC),
        Film:       nil,
    },
    {
        ActorID:    0x3,
        FirstName:  "ED",
        LastName:   "CHASE",
        LastUpdate: time.Date(1, time.January, 1, 0, 0, 0, 0, time.UTC),
        Film:       nil,
    },
    {
        ActorID:    0x3,
        FirstName:  "ED",
        LastName:   "CHASE",
        LastUpdate: time.Date(1, time.January, 1, 0, 0, 0, 0, time.UTC),
        Film:       nil,
    },
    {
        ActorID:    0x3,
        FirstName:  "ED",
        LastName:   "CHASE",
        LastUpdate: time.Date(1, time.January, 1, 0, 0, 0, 0, time.UTC),
        Film:       nil,
    },
    {
        ActorID:    0x3,
        FirstName:  "ED",
        LastName:   "CHASE",
        LastUpdate: time.Date(1, time.January, 1, 0, 0, 0, 0, time.UTC),
        Film:       nil,
    },
    {
        ActorID:    0x3,
        FirstName:  "ED",
        LastName:   "CHASE",
        LastUpdate: time.Date(1, time.January, 1, 0, 0, 0, 0, time.UTC),
        Film:       nil,
    },
    {
        ActorID:    0x3,
        FirstName:  "ED",
        LastName:   "CHASE",
        LastUpdate: time.Date(1, time.January, 1, 0, 0, 0, 0, time.UTC),
        Film:       nil,
    },
    {
        ActorID:    0x3,
        FirstName:  "ED",
        LastName:   "CHASE",
        LastUpdate: time.Date(1, time.January, 1, 0, 0, 0, 0, time.UTC),
        Film:       nil,
    },
    {
        ActorID:    0x3,
        FirstName:  "ED",
        LastName:   "CHASE",
        LastUpdate: time.Date(1, time.January, 1, 0, 0, 0, 0, time.UTC),
        Film:       nil,
    },
    {
        ActorID:    0x3,
        FirstName:  "ED",
        LastName:   "CHASE",
        LastUpdate: time.Date(1, time.January, 1, 0, 0, 0, 0, time.UTC),
        Film:       nil,
    },
    {
        ActorID:    0x3,
        FirstName:  "ED",
        LastName:   "CHASE",
        LastUpdate: time.Date(1, time.January, 1, 0, 0, 0, 0, time.UTC),
        Film:       nil,
    },
    {
        ActorID:    0x3,
        FirstName:  "ED",
        LastName:   "CHASE",
        LastUpdate: time.Date(1, time.January, 1, 0, 0, 0, 0, time.UTC),
        Film:       nil,
    },
    {
        ActorID:    0x3,
        FirstName:  "ED",
        LastName:   "CHASE",
        LastUpdate: time.Date(1, time.January, 1, 0, 0, 0, 0, time.UTC),
        Film:       nil,
    },
    {
        ActorID:    0x3,
        FirstName:  "ED",
        LastName:   "CHASE",
        LastUpdate: time.Date(1, time.January, 1, 0, 0, 0, 0, time.UTC),
        Film:       nil,
    },
    {
        ActorID:    0x3,
        FirstName:  "ED",
        LastName:   "CHASE",
        LastUpdate: time.Date(1, time.January, 1, 0, 0, 0, 0, time.UTC),
        Film:       nil,
    },
    {
        ActorID:    0x3,
        FirstName:  "ED",
        LastName:   "CHASE",
        LastUpdate: time.Date(1, time.January, 1, 0, 0, 0, 0, time.UTC),
        Film:       nil,
    },
    {
        ActorID:    0x4,
        FirstName:  "JENNIFER",
        LastName:   "DAVIS",
        LastUpdate: time.Date(1, time.January, 1, 0, 0, 0, 0, time.UTC),
        Film:       nil,
    },
    {
        ActorID:    0x4,
        FirstName:  "JENNIFER",
        LastName:   "DAVIS",
        LastUpdate: time.Date(1, time.January, 1, 0, 0, 0, 0, time.UTC),
        Film:       nil,
    },
    {
        ActorID:    0x4,
        FirstName:  "JENNIFER",
        LastName:   "DAVIS",
        LastUpdate: time.Date(1, time.January, 1, 0, 0, 0, 0, time.UTC),
        Film:       nil,
    },
    {
        ActorID:    0x4,
        FirstName:  "JENNIFER",
        LastName:   "DAVIS",
        LastUpdate: time.Date(1, time.January, 1, 0, 0, 0, 0, time.UTC),
        Film:       nil,
    },
    {
        ActorID:    0x4,
        FirstName:  "JENNIFER",
        LastName:   "DAVIS",
        LastUpdate: time.Date(1, time.January, 1, 0, 0, 0, 0, time.UTC),
        Film:       nil,
    },
    {
        ActorID:    0x4,
        FirstName:  "JENNIFER",
        LastName:   "DAVIS",
        LastUpdate: time.Date(1, time.January, 1, 0, 0, 0, 0, time.UTC),
        Film:       nil,
    },
    {
        ActorID:    0x4,
        FirstName:  "JENNIFER",
        LastName:   "DAVIS",
        LastUpdate: time.Date(1, time.January, 1, 0, 0, 0, 0, time.UTC),
        Film:       nil,
    },
    {
        ActorID:    0x4,
        FirstName:  "JENNIFER",
        LastName:   "DAVIS",
        LastUpdate: time.Date(1, time.January, 1, 0, 0, 0, 0, time.UTC),
        Film:       nil,
    },
    {
        ActorID:    0x4,
        FirstName:  "JENNIFER",
        LastName:   "DAVIS",
        LastUpdate: time.Date(1, time.January, 1, 0, 0, 0, 0, time.UTC),
        Film:       nil,
    },
    {
        ActorID:    0x4,
        FirstName:  "JENNIFER",
        LastName:   "DAVIS",
        LastUpdate: time.Date(1, time.January, 1, 0, 0, 0, 0, time.UTC),
        Film:       nil,
    },
    {
        ActorID:    0x4,
        FirstName:  "JENNIFER",
        LastName:   "DAVIS",
        LastUpdate: time.Date(1, time.January, 1, 0, 0, 0, 0, time.UTC),
        Film:       nil,
    },
    {
        ActorID:    0x4,
        FirstName:  "JENNIFER",
        LastName:   "DAVIS",
        LastUpdate: time.Date(1, time.January, 1, 0, 0, 0, 0, time.UTC),
        Film:       nil,
    },
    {
        ActorID:    0x4,
        FirstName:  "JENNIFER",
        LastName:   "DAVIS",
        LastUpdate: time.Date(1, time.January, 1, 0, 0, 0, 0, time.UTC),
        Film:       nil,
    },
    {
        ActorID:    0x4,
        FirstName:  "JENNIFER",
        LastName:   "DAVIS",
        LastUpdate: time.Date(1, time.January, 1, 0, 0, 0, 0, time.UTC),
        Film:       nil,
    },
    {
        ActorID:    0x4,
        FirstName:  "JENNIFER",
        LastName:   "DAVIS",
        LastUpdate: time.Date(1, time.January, 1, 0, 0, 0, 0, time.UTC),
        Film:       nil,
    },
    {
        ActorID:    0x4,
        FirstName:  "JENNIFER",
        LastName:   "DAVIS",
        LastUpdate: time.Date(1, time.January, 1, 0, 0, 0, 0, time.UTC),
        Film:       nil,
    },
    {
        ActorID:    0x4,
        FirstName:  "JENNIFER",
        LastName:   "DAVIS",
        LastUpdate: time.Date(1, time.January, 1, 0, 0, 0, 0, time.UTC),
        Film:       nil,
    },
    {
        ActorID:    0x4,
        FirstName:  "JENNIFER",
        LastName:   "DAVIS",
        LastUpdate: time.Date(1, time.January, 1, 0, 0, 0, 0, time.UTC),
        Film:       nil,
    },
    {
        ActorID:    0x4,
        FirstName:  "JENNIFER",
        LastName:   "DAVIS",
        LastUpdate: time.Date(1, time.January, 1, 0, 0, 0, 0, time.UTC),
        Film:       nil,
    },
    {
        ActorID:    0x4,
        FirstName:  "JENNIFER",
        LastName:   "DAVIS",
        LastUpdate: time.Date(1, time.January, 1, 0, 0, 0, 0, time.UTC),
        Film:       nil,
    },
    {
        ActorID:    0x4,
        FirstName:  "JENNIFER",
        LastName:   "DAVIS",
        LastUpdate: time.Date(1, time.January, 1, 0, 0, 0, 0, time.UTC),
        Film:       nil,
    },
    {
        ActorID:    0x4,
        FirstName:  "JENNIFER",
        LastName:   "DAVIS",
        LastUpdate: time.Date(1, time.January, 1, 0, 0, 0, 0, time.UTC),
        Film:       nil,
    },
    {
        ActorID:    0x5,
        FirstName:  "JOHNNY",
        LastName:   "LOLLOBRIGIDA",
        LastUpdate: time.Date(1, time.January, 1, 0, 0, 0, 0, time.UTC),
        Film:       nil,
    },
    {
        ActorID:    0x5,
        FirstName:  "JOHNNY",
        LastName:   "LOLLOBRIGIDA",
        LastUpdate: time.Date(1, time.January, 1, 0, 0, 0, 0, time.UTC),
        Film:       nil,
    },
    {
        ActorID:    0x5,
        FirstName:  "JOHNNY",
        LastName:   "LOLLOBRIGIDA",
        LastUpdate: time.Date(1, time.January, 1, 0, 0, 0, 0, time.UTC),
        Film:       nil,
    },
    {
        ActorID:    0x5,
        FirstName:  "JOHNNY",
        LastName:   "LOLLOBRIGIDA",
        LastUpdate: time.Date(1, time.January, 1, 0, 0, 0, 0, time.UTC),
        Film:       nil,
    },
    {
        ActorID:    0x5,
        FirstName:  "JOHNNY",
        LastName:   "LOLLOBRIGIDA",
        LastUpdate: time.Date(1, time.January, 1, 0, 0, 0, 0, time.UTC),
        Film:       nil,
    },
    {
        ActorID:    0x5,
        FirstName:  "JOHNNY",
        LastName:   "LOLLOBRIGIDA",
        LastUpdate: time.Date(1, time.January, 1, 0, 0, 0, 0, time.UTC),
        Film:       nil,
    },
    {
        ActorID:    0x5,
        FirstName:  "JOHNNY",
        LastName:   "LOLLOBRIGIDA",
        LastUpdate: time.Date(1, time.January, 1, 0, 0, 0, 0, time.UTC),
        Film:       nil,
    },
    {
        ActorID:    0x5,
        FirstName:  "JOHNNY",
        LastName:   "LOLLOBRIGIDA",
        LastUpdate: time.Date(1, time.January, 1, 0, 0, 0, 0, time.UTC),
        Film:       nil,
    },
    {
        ActorID:    0x5,
        FirstName:  "JOHNNY",
        LastName:   "LOLLOBRIGIDA",
        LastUpdate: time.Date(1, time.January, 1, 0, 0, 0, 0, time.UTC),
        Film:       nil,
    },
    {
        ActorID:    0x5,
        FirstName:  "JOHNNY",
        LastName:   "LOLLOBRIGIDA",
        LastUpdate: time.Date(1, time.January, 1, 0, 0, 0, 0, time.UTC),
        Film:       nil,
    },
    {
        ActorID:    0x5,
        FirstName:  "JOHNNY",
        LastName:   "LOLLOBRIGIDA",
        LastUpdate: time.Date(1, time.January, 1, 0, 0, 0, 0, time.UTC),
        Film:       nil,
    },
    {
        ActorID:    0x5,
        FirstName:  "JOHNNY",
        LastName:   "LOLLOBRIGIDA",
        LastUpdate: time.Date(1, time.January, 1, 0, 0, 0, 0, time.UTC),
        Film:       nil,
    },
}
---
